// Jest Snapshot v1, https://goo.gl/fbAQLP

exports[`Snapshop test of Map component 1`] = `
<div
  className="section_title"
>
  <h2
    className="title"
  />
  <p
    className="sub_text"
  />
</div>
`;

exports[`Snapshop test of sectionTitle component 1`] = `
<div
  className="section_title"
>
  <h2
    className="title"
  />
  <p
    className="sub_text"
  />
</div>
`;
